[jessdesigntan.com/index.html]
[backblue.gif]
[fade.gif]
[index.html]
[jessdesigntan.com/images/favicon.png]
[jessdesigntan.com/js/wow.js]
[ajax.googleapis.com/ajax/libs/jquery/1.12.4/jquery.min.js]
[jessdesigntan.com/images/jess_resume.pdf]
[jessdesigntan.com/images/jess.jpg]
[jessdesigntan.com/workitout.html]
[jessdesigntan.com/images/fitness-logo.png]
[jessdesigntan.com/timezone.html]
[jessdesigntan.com/images/timezone_logo.png]
[jessdesigntan.com/sharession.html]
[jessdesigntan.com/images/sharession_logo.png]
[jessdesigntan.com/sqrl.html]
[jessdesigntan.com/dearcarrie.html]
[jessdesigntan.com/styletribute.html]
[jessdesigntan.com/index.html]
[jessdesigntan.com/css/bootstrap.min.css]
[jessdesigntan.com/fonts/brandon-grotesque-black-58a8a3e824392.woff2]
[jessdesigntan.com/css/brandon-grotesque-black-58a8a3e824392.woff]
[jessdesigntan.com/fonts/Lato-Bold.ttf]
[jessdesigntan.com/fonts/lato-bold-webfont.woff2]
[jessdesigntan.com/fonts/lato-bold-webfont.woff]
[jessdesigntan.com/fonts/Lato-Light.ttf]
[jessdesigntan.com/fonts/lato-light-webfont.woff2]
[jessdesigntan.com/fonts/lato-light-webfont.woff]
[jessdesigntan.com/fonts/Lato-Regular.ttf]
[jessdesigntan.com/fonts/lato-regular-webfont.woff2]
[jessdesigntan.com/fonts/lato-regular-webfont.woff]
[jessdesigntan.com/images/card-fitness.jpg]
[jessdesigntan.com/images/card-timezone.jpg]
[jessdesigntan.com/images/card-spotify.jpg]
[jessdesigntan.com/images/card-sqrl.jpg]
[jessdesigntan.com/images/card-dc.jpg]
[jessdesigntan.com/images/st_card.jpg]
[jessdesigntan.com/images/st_card_mobile.jpg]
[jessdesigntan.com/css/style.css]
[jessdesigntan.com/css/animate.css]
[jessdesigntan.com/index-2.html]
[jessdesigntan.com/images/workitout/fitness-logo.png]
[jessdesigntan.com/images/workitout/landing_app.jpg]
[jessdesigntan.com/images/workitout/discover_bg.jpg]
[jessdesigntan.com/images/workitout/step1.jpg]
[jessdesigntan.com/images/workitout/step2.jpg]
[jessdesigntan.com/images/workitout/step3.jpg]
[jessdesigntan.com/images/workitout/start-swipe.jpg]
[jessdesigntan.com/images/workitout/iterations.jpg]
[jessdesigntan.com/images/workitout/screens_bg.jpg]
[jessdesigntan.com/images/workitout/schedule_workout.jpg]
[jessdesigntan.com/images/workitout/end-swipe.png]
[jessdesigntan.com/workitout.html]
[jessdesigntan.com/images/timezone/header.jpg]
[jessdesigntan.com/images/timezone/flow.png]
[jessdesigntan.com/images/timezone/switching.png]
[jessdesigntan.com/images/timezone/time.png]
[jessdesigntan.com/images/timezone/process.jpg]
[jessdesigntan.com/images/timezone/meeting_blocks.jpg]
[jessdesigntan.com/images/timezone/night_view.jpg]
[jessdesigntan.com/images/timezone/dates.jpg]
[jessdesigntan.com/images/timezone/add_participants.jpg]
[jessdesigntan.com/images/timezone/nightview_day.jpg]
[jessdesigntan.com/images/timezone/nightview_night.jpg]
[jessdesigntan.com/images/timezone/stars.png]
[jessdesigntan.com/images/timezone/stars1.png]
[jessdesigntan.com/images/timezone/inspiration.jpg]
[jessdesigntan.com/images/timezone/desktop.jpg]
[jessdesigntan.com/timezone.html]
[jessdesigntan.com/images/sharession/header.jpg]
[jessdesigntan.com/images/sharession/scenario.jpg]
[jessdesigntan.com/images/sharession/divider.jpg]
[jessdesigntan.com/images/sharession/solution.jpg]
[jessdesigntan.com/images/sharession/design_considerations.jpg]
[jessdesigntan.com/images/sharession/factor1.jpg]
[jessdesigntan.com/images/sharession/factor2.jpg]
[jessdesigntan.com/images/sharession/final.jpg]
[jessdesigntan.com/images/sharession/wave_bottom.jpg]
[jessdesigntan.com/sharession.html]
[jessdesigntan.com/images/sqrl/header.jpg]
[jessdesigntan.com/images/sqrl/logo_process.jpg]
[jessdesigntan.com/images/sqrl/colors.jpg]
[jessdesigntan.com/images/sqrl/fonts.jpg]
[jessdesigntan.com/images/sqrl/howitworks1.jpg]
[jessdesigntan.com/images/sqrl/howitworks2.jpg]
[jessdesigntan.com/images/sqrl/howitworks3.jpg]
[jessdesigntan.com/images/sqrl/multiple-choice.png]
[jessdesigntan.com/images/sqrl/paragraphs.png]
[jessdesigntan.com/images/sqrl/questions.jpg]
[jessdesigntan.com/images/sqrl/home_page.jpg]
[jessdesigntan.com/images/sqrl/card_horizontal.png]
[jessdesigntan.com/images/sqrl/card_vertical.png]
[jessdesigntan.com/images/sqrl/card_optimised.png]
[jessdesigntan.com/images/sqrl/divider.jpg]
[jessdesigntan.com/sqrl.html]
[jessdesigntan.com/images/sqrl_logo.svg]
[jessdesigntan.com/fyp/index.html]
[jessdesigntan.com/images/dearcarrie/header.jpg]
[jessdesigntan.com/images/dearcarrie/stats.jpg]
[jessdesigntan.com/images/dearcarrie/half.jpg]
[jessdesigntan.com/images/dearcarrie/website-mockup.jpg]
[jessdesigntan.com/images/dearcarrie/split.jpg]
[jessdesigntan.com/images/dearcarrie/work.jpg]
[jessdesigntan.com/images/dearcarrie/topics.jpg]
[jessdesigntan.com/images/dearcarrie/search.jpg]
[jessdesigntan.com/images/dearcarrie/list.jpg]
[jessdesigntan.com/dearcarrie.html]
[jessdesigntan.com/images/dc_logo.svg]
[jessdesigntan.com/images/st/header.jpg]
[jessdesigntan.com/images/st/role.jpg]
[jessdesigntan.com/images/st/website.jpg]
[jessdesigntan.com/images/st/christmas.gif]
[jessdesigntan.com/images/st/sale-banner.jpg]
[jessdesigntan.com/styletribute.html]
[jessdesigntan.com/images/st_logo.svg]
[jessdesigntan.com/images/linkedin.svg]
[jessdesigntan.com/images/behance.svg]
[jessdesigntan.com/images/dribbble.svg]
[jessdesigntan.com/images/arrow-btn.svg]
[jessdesigntan.com/images/arrow-btn-grey.svg]
[jessdesigntan.com/images/workitout/header_bg.svg]
[jessdesigntan.com/images/timezone/bullet.svg]
[jessdesigntan.com/images/lgoo.html]
[jessdesigntan.com/index-2.html]
[jessdesigntan.com/images/workitout/discover_footer.svg]
[jessdesigntan.com/images/timezone/sun_footer.svg]
[jessdesigntan.com/images/timezone/moon_footer.svg]
[jessdesigntan.com/fyp/index.html]
[jessdesigntan.com/images/dearcarrie/logo-process.svg]
